Quark quantization is unavailable in this ROCm environment (No module named 'aiter').
Quark INT4/FP8 MoE is unavailable in this ROCm environment (No module named 'aiter').
prompt=2048 tok, chunk=256 -> 8 chunks; gen=24
Quark quantization is unavailable in this ROCm environment (No module named 'aiter').
Quark INT4/FP8 MoE is unavailable in this ROCm environment (No module named 'aiter').
Quark quantization is unavailable in this ROCm environment (No module named 'aiter').
Quark INT4/FP8 MoE is unavailable in this ROCm environment (No module named 'aiter').
[Gloo] Rank 0 is connected to 0 peer ranks. Expected number of connected peer ranks is : 0
[Gloo] Rank 0 is connected to 0 peer ranks. Expected number of connected peer ranks is : 0
[Gloo] Rank 0 is connected to 0 peer ranks. Expected number of connected peer ranks is : 0

Multi-thread loading shards:   0% Completed | 0/1 [00:00<?, ?it/s]
Multi-thread loading shards: 100% Completed | 1/1 [00:00<00:00,  1.27it/s]
Multi-thread loading shards: 100% Completed | 1/1 [00:00<00:00,  1.27it/s]
/usr/lib/python3.12/multiprocessing/resource_tracker.py:123: UserWarning: resource_tracker: process died unexpectedly, relaunching.  Some resources might leak.
  warnings.warn('resource_tracker: process died unexpectedly, '
Quark quantization is unavailable in this ROCm environment (No module named 'aiter').
Quark INT4/FP8 MoE is unavailable in this ROCm environment (No module named 'aiter').
Quark quantization is unavailable in this ROCm environment (No module named 'aiter').
Quark INT4/FP8 MoE is unavailable in this ROCm environment (No module named 'aiter').
[Gloo] Rank 0 is connected to 0 peer ranks. Expected number of connected peer ranks is : 0
[Gloo] Rank 0 is connected to 0 peer ranks. Expected number of connected peer ranks is : 0
[Gloo] Rank 0 is connected to 0 peer ranks. Expected number of connected peer ranks is : 0

Multi-thread loading shards:   0% Completed | 0/1 [00:00<?, ?it/s]
Multi-thread loading shards: 100% Completed | 1/1 [00:00<00:00,  1.36it/s]
Multi-thread loading shards: 100% Completed | 1/1 [00:00<00:00,  1.36it/s]
single-shot : [2122, 2163, 8404, 8408, 2164, 8624, 8546, 8546, 8546, 116, 8546, 2192, 2146, 8546, 2192, 2146, 2192, 2146, 2192, 2146, 2192, 2146, 2192, 2146]
chunked(256): [2122, 2163, 8404, 8408, 2164, 8624, 8546, 8546, 8546, 116, 8546, 2192, 2146, 8546, 2192, 2146, 2192, 2146, 2192, 2146, 2192, 2146, 2192, 2146]
CHUNKED-PREFILL MATCH 24/24  first_div=None  exact=True
