Quark quantization is unavailable in this ROCm environment (No module named 'aiter').
Quark INT4/FP8 MoE is unavailable in this ROCm environment (No module named 'aiter').
Quark quantization is unavailable in this ROCm environment (No module named 'aiter').
Quark INT4/FP8 MoE is unavailable in this ROCm environment (No module named 'aiter').
Quark quantization is unavailable in this ROCm environment (No module named 'aiter').
Quark INT4/FP8 MoE is unavailable in this ROCm environment (No module named 'aiter').
[Gloo] Rank 0 is connected to 0 peer ranks. Expected number of connected peer ranks is : 0
[Gloo] Rank 0 is connected to 0 peer ranks. Expected number of connected peer ranks is : 0
[Gloo] Rank 0 is connected to 0 peer ranks. Expected number of connected peer ranks is : 0

Multi-thread loading shards:   0% Completed | 0/1 [00:00<?, ?it/s]
Multi-thread loading shards: 100% Completed | 1/1 [00:01<00:00,  1.31s/it]
Multi-thread loading shards: 100% Completed | 1/1 [00:01<00:00,  1.31s/it]

  0%|          | 0/8 [00:00<?, ?it/s]
Capturing batches (bs=32 avail_mem=31.46 GB):   0%|          | 0/8 [00:00<?, ?it/s]
Capturing batches (bs=32 avail_mem=31.46 GB):  12%|█▎        | 1/8 [00:03<00:22,  3.17s/it]
Capturing batches (bs=24 avail_mem=31.22 GB):  12%|█▎        | 1/8 [00:03<00:22,  3.17s/it]
Capturing batches (bs=16 avail_mem=31.21 GB):  12%|█▎        | 1/8 [00:03<00:22,  3.17s/it]
Capturing batches (bs=16 avail_mem=31.21 GB):  38%|███▊      | 3/8 [00:03<00:04,  1.03it/s]
Capturing batches (bs=12 avail_mem=31.20 GB):  38%|███▊      | 3/8 [00:03<00:04,  1.03it/s]
Capturing batches (bs=12 avail_mem=31.20 GB):  50%|█████     | 4/8 [00:03<00:02,  1.48it/s]
Capturing batches (bs=8 avail_mem=31.20 GB):  50%|█████     | 4/8 [00:03<00:02,  1.48it/s]
Capturing batches (bs=8 avail_mem=31.20 GB):  62%|██████▎   | 5/8 [00:03<00:01,  1.95it/s]
Capturing batches (bs=4 avail_mem=31.20 GB):  62%|██████▎   | 5/8 [00:03<00:01,  1.95it/s]
Capturing batches (bs=4 avail_mem=31.20 GB):  75%|███████▌  | 6/8 [00:03<00:00,  2.62it/s]
Capturing batches (bs=2 avail_mem=31.20 GB):  75%|███████▌  | 6/8 [00:03<00:00,  2.62it/s]
Capturing batches (bs=1 avail_mem=31.20 GB):  75%|███████▌  | 6/8 [00:04<00:00,  2.62it/s]
Capturing batches (bs=1 avail_mem=31.20 GB): 100%|██████████| 8/8 [00:04<00:00,  4.31it/s]
Capturing batches (bs=1 avail_mem=31.20 GB): 100%|██████████| 8/8 [00:04<00:00,  1.94it/s]
==============================================================================
VERIFY_BATCH  model=/root/models/rwkv7-official/fla/rwkv7-g1d-0.1b-20260129-ctx8192
  dtype=bfloat16  cuda_graph=ON  disable_radix_cache=True  n=24
------------------------------------------------------------------------------
ORACLE          [37138, 45, 44312, 47, 20996, 304, 25740, 109, 37480, 4600, 332, 39990, 4596, 37138, 45, 44312, 45, 32227, 22748, 37924, 4596, 3491, 709, 47]
eiffel B=1 == numpy-oracle : True
------------------------------------------------------------------------------
[1] IDENTICAL  bsz=8  every-output==oracle : True  (8/8)
[2] SHARED-PREFIX  bsz=5  every-output==B1-ref : True  (5/5)  tags=['eiffel', 'sp1', 'eiffel', 'sp2', 'eiffel']
[3] MIXED  bsz=6  every-output==B1-ref : True  (6/6)  eiffel==oracle : True  tags=['eiffel', 'eiffel', 'sp1', 'distinct', 'eiffel', 'sp2']
------------------------------------------------------------------------------
OVERALL: PASS (all batches exact)
==============================================================================
