Quark quantization is unavailable in this ROCm environment (No module named 'aiter').
Quark INT4/FP8 MoE is unavailable in this ROCm environment (No module named 'aiter').
prompt=2048 tok, chunk=256 -> 8 chunks; gen=24
Quark quantization is unavailable in this ROCm environment (No module named 'aiter').
Quark INT4/FP8 MoE is unavailable in this ROCm environment (No module named 'aiter').
Quark quantization is unavailable in this ROCm environment (No module named 'aiter').
Quark INT4/FP8 MoE is unavailable in this ROCm environment (No module named 'aiter').
[Gloo] Rank 0 is connected to 0 peer ranks. Expected number of connected peer ranks is : 0
[Gloo] Rank 0 is connected to 0 peer ranks. Expected number of connected peer ranks is : 0
[Gloo] Rank 0 is connected to 0 peer ranks. Expected number of connected peer ranks is : 0

Multi-thread loading shards:   0% Completed | 0/1 [00:00<?, ?it/s]
Multi-thread loading shards: 100% Completed | 1/1 [00:11<00:00, 11.89s/it]
Multi-thread loading shards: 100% Completed | 1/1 [00:11<00:00, 11.89s/it]
/usr/lib/python3.12/multiprocessing/resource_tracker.py:123: UserWarning: resource_tracker: process died unexpectedly, relaunching.  Some resources might leak.
  warnings.warn('resource_tracker: process died unexpectedly, '
Quark quantization is unavailable in this ROCm environment (No module named 'aiter').
Quark INT4/FP8 MoE is unavailable in this ROCm environment (No module named 'aiter').
Quark quantization is unavailable in this ROCm environment (No module named 'aiter').
Quark INT4/FP8 MoE is unavailable in this ROCm environment (No module named 'aiter').
[Gloo] Rank 0 is connected to 0 peer ranks. Expected number of connected peer ranks is : 0
[Gloo] Rank 0 is connected to 0 peer ranks. Expected number of connected peer ranks is : 0
[Gloo] Rank 0 is connected to 0 peer ranks. Expected number of connected peer ranks is : 0

Multi-thread loading shards:   0% Completed | 0/1 [00:00<?, ?it/s]
Multi-thread loading shards: 100% Completed | 1/1 [00:11<00:00, 11.67s/it]
Multi-thread loading shards: 100% Completed | 1/1 [00:11<00:00, 11.67s/it]
single-shot : [1259, 2050, 2051, 2052, 2053, 2054, 2055, 2056, 2057, 2058, 110, 2354, 1746, 1773, 1799, 1831, 1832, 1833, 1860, 1861, 1888, 1911, 1912, 1936]
chunked(256): [1259, 2050, 2051, 2052, 2053, 2054, 2055, 2056, 2057, 2058, 110, 2354, 1746, 1773, 1799, 1831, 1832, 1833, 1860, 1861, 1888, 1911, 1912, 1936]
CHUNKED-PREFILL MATCH 24/24  first_div=None  exact=True
