Quark quantization is unavailable in this ROCm environment (No module named 'aiter').
Quark INT4/FP8 MoE is unavailable in this ROCm environment (No module named 'aiter').
Quark quantization is unavailable in this ROCm environment (No module named 'aiter').
Quark INT4/FP8 MoE is unavailable in this ROCm environment (No module named 'aiter').
Quark quantization is unavailable in this ROCm environment (No module named 'aiter').
Quark INT4/FP8 MoE is unavailable in this ROCm environment (No module named 'aiter').
[Gloo] Rank 0 is connected to 0 peer ranks. Expected number of connected peer ranks is : 0
[Gloo] Rank 0 is connected to 0 peer ranks. Expected number of connected peer ranks is : 0
[Gloo] Rank 0 is connected to 0 peer ranks. Expected number of connected peer ranks is : 0

Multi-thread loading shards:   0% Completed | 0/1 [00:00<?, ?it/s]
Multi-thread loading shards: 100% Completed | 1/1 [00:25<00:00, 25.26s/it]
Multi-thread loading shards: 100% Completed | 1/1 [00:25<00:00, 25.26s/it]

  0%|          | 0/8 [00:00<?, ?it/s]
Capturing batches (bs=32 avail_mem=20.26 GB):   0%|          | 0/8 [00:00<?, ?it/s]
Capturing batches (bs=32 avail_mem=20.26 GB):  12%|█▎        | 1/8 [00:01<00:08,  1.28s/it]
Capturing batches (bs=24 avail_mem=20.01 GB):  12%|█▎        | 1/8 [00:01<00:08,  1.28s/it]
Capturing batches (bs=24 avail_mem=20.01 GB):  25%|██▌       | 2/8 [00:01<00:04,  1.46it/s]
Capturing batches (bs=16 avail_mem=20.00 GB):  25%|██▌       | 2/8 [00:01<00:04,  1.46it/s]
Capturing batches (bs=16 avail_mem=20.00 GB):  38%|███▊      | 3/8 [00:01<00:02,  1.91it/s]
Capturing batches (bs=12 avail_mem=19.99 GB):  38%|███▊      | 3/8 [00:01<00:02,  1.91it/s]
Capturing batches (bs=12 avail_mem=19.99 GB):  50%|█████     | 4/8 [00:02<00:01,  2.40it/s]
Capturing batches (bs=8 avail_mem=19.99 GB):  50%|█████     | 4/8 [00:02<00:01,  2.40it/s]
Capturing batches (bs=8 avail_mem=19.99 GB):  62%|██████▎   | 5/8 [00:02<00:01,  2.81it/s]
Capturing batches (bs=4 avail_mem=19.99 GB):  62%|██████▎   | 5/8 [00:02<00:01,  2.81it/s]
Capturing batches (bs=4 avail_mem=19.99 GB):  75%|███████▌  | 6/8 [00:02<00:00,  3.14it/s]
Capturing batches (bs=2 avail_mem=19.98 GB):  75%|███████▌  | 6/8 [00:02<00:00,  3.14it/s]
Capturing batches (bs=2 avail_mem=19.98 GB):  88%|████████▊ | 7/8 [00:02<00:00,  3.41it/s]
Capturing batches (bs=1 avail_mem=19.98 GB):  88%|████████▊ | 7/8 [00:02<00:00,  3.41it/s]
Capturing batches (bs=1 avail_mem=19.98 GB): 100%|██████████| 8/8 [00:03<00:00,  3.58it/s]
Capturing batches (bs=1 avail_mem=19.98 GB): 100%|██████████| 8/8 [00:03<00:00,  2.57it/s]
==============================================================================
VERIFY_BATCH  model=/root/models/rwkv7-official/fla/rwkv7-g1h-13.3b-20260710-ctx10240
  dtype=bfloat16  cuda_graph=ON  disable_radix_cache=True  n=24
------------------------------------------------------------------------------
ORACLE          [37138, 45, 44312, 47, 11, 6699, 304, 25740, 109, 37480, 4600, 332, 45958, 56528, 4596, 37138, 47, 11, 6699, 304, 25740, 109, 37480, 4600]
eiffel B=1 == numpy-oracle : True
------------------------------------------------------------------------------
[1] IDENTICAL  bsz=8  every-output==oracle : True  (8/8)
[2] SHARED-PREFIX  bsz=5  every-output==B1-ref : True  (5/5)  tags=['eiffel', 'sp1', 'eiffel', 'sp2', 'eiffel']
[3] MIXED  bsz=6  every-output==B1-ref : True  (6/6)  eiffel==oracle : True  tags=['eiffel', 'eiffel', 'sp1', 'distinct', 'eiffel', 'sp2']
------------------------------------------------------------------------------
OVERALL: PASS (all batches exact)
==============================================================================
