Quark quantization is unavailable in this ROCm environment (No module named 'aiter').
Quark INT4/FP8 MoE is unavailable in this ROCm environment (No module named 'aiter').
prompt=2048 tok, chunk=256 -> 8 chunks; gen=24
Quark quantization is unavailable in this ROCm environment (No module named 'aiter').
Quark INT4/FP8 MoE is unavailable in this ROCm environment (No module named 'aiter').
Quark quantization is unavailable in this ROCm environment (No module named 'aiter').
Quark INT4/FP8 MoE is unavailable in this ROCm environment (No module named 'aiter').
[Gloo] Rank 0 is connected to 0 peer ranks. Expected number of connected peer ranks is : 0
[Gloo] Rank 0 is connected to 0 peer ranks. Expected number of connected peer ranks is : 0
[Gloo] Rank 0 is connected to 0 peer ranks. Expected number of connected peer ranks is : 0

Multi-thread loading shards:   0% Completed | 0/1 [00:00<?, ?it/s]
Multi-thread loading shards: 100% Completed | 1/1 [00:03<00:00,  3.81s/it]
Multi-thread loading shards: 100% Completed | 1/1 [00:03<00:00,  3.81s/it]
/usr/lib/python3.12/multiprocessing/resource_tracker.py:123: UserWarning: resource_tracker: process died unexpectedly, relaunching.  Some resources might leak.
  warnings.warn('resource_tracker: process died unexpectedly, '
Quark quantization is unavailable in this ROCm environment (No module named 'aiter').
Quark INT4/FP8 MoE is unavailable in this ROCm environment (No module named 'aiter').
Quark quantization is unavailable in this ROCm environment (No module named 'aiter').
Quark INT4/FP8 MoE is unavailable in this ROCm environment (No module named 'aiter').
[Gloo] Rank 0 is connected to 0 peer ranks. Expected number of connected peer ranks is : 0
[Gloo] Rank 0 is connected to 0 peer ranks. Expected number of connected peer ranks is : 0
[Gloo] Rank 0 is connected to 0 peer ranks. Expected number of connected peer ranks is : 0

Multi-thread loading shards:   0% Completed | 0/1 [00:00<?, ?it/s]
Multi-thread loading shards: 100% Completed | 1/1 [00:03<00:00,  3.18s/it]
Multi-thread loading shards: 100% Completed | 1/1 [00:03<00:00,  3.18s/it]
single-shot : [2122, 2071, 2123, 8514, 2123, 8515, 8515, 8515, 8515, 8515, 8515, 8515, 8515, 8515, 8515, 8515, 8515, 8515, 8515, 8515, 8515, 8515, 8515, 8515]
chunked(256): [2122, 2071, 2123, 8514, 2123, 8515, 8515, 8515, 8515, 8515, 8515, 8515, 8515, 8515, 8515, 8515, 8515, 8515, 8515, 8515, 8515, 8515, 8515, 8515]
CHUNKED-PREFILL MATCH 24/24  first_div=None  exact=True
