Quark quantization is unavailable in this ROCm environment (No module named 'aiter').
Quark INT4/FP8 MoE is unavailable in this ROCm environment (No module named 'aiter').
Quark quantization is unavailable in this ROCm environment (No module named 'aiter').
Quark INT4/FP8 MoE is unavailable in this ROCm environment (No module named 'aiter').
Quark quantization is unavailable in this ROCm environment (No module named 'aiter').
Quark INT4/FP8 MoE is unavailable in this ROCm environment (No module named 'aiter').
[Gloo] Rank 0 is connected to 0 peer ranks. Expected number of connected peer ranks is : 0
[Gloo] Rank 0 is connected to 0 peer ranks. Expected number of connected peer ranks is : 0
[Gloo] Rank 0 is connected to 0 peer ranks. Expected number of connected peer ranks is : 0

Multi-thread loading shards:   0% Completed | 0/1 [00:00<?, ?it/s]
Multi-thread loading shards: 100% Completed | 1/1 [00:00<00:00,  2.42it/s]
Multi-thread loading shards: 100% Completed | 1/1 [00:00<00:00,  2.42it/s]

  0%|          | 0/8 [00:00<?, ?it/s]
Capturing batches (bs=32 avail_mem=30.32 GB):   0%|          | 0/8 [00:00<?, ?it/s]
Capturing batches (bs=32 avail_mem=30.32 GB):  12%|█▎        | 1/8 [00:01<00:07,  1.01s/it]
Capturing batches (bs=24 avail_mem=30.05 GB):  12%|█▎        | 1/8 [00:01<00:07,  1.01s/it]
Capturing batches (bs=24 avail_mem=30.05 GB):  25%|██▌       | 2/8 [00:01<00:02,  2.01it/s]
Capturing batches (bs=16 avail_mem=30.04 GB):  25%|██▌       | 2/8 [00:01<00:02,  2.01it/s]
Capturing batches (bs=16 avail_mem=30.04 GB):  38%|███▊      | 3/8 [00:01<00:01,  2.75it/s]
Capturing batches (bs=12 avail_mem=30.03 GB):  38%|███▊      | 3/8 [00:01<00:01,  2.75it/s]
Capturing batches (bs=12 avail_mem=30.03 GB):  50%|█████     | 4/8 [00:01<00:01,  3.66it/s]
Capturing batches (bs=8 avail_mem=30.03 GB):  50%|█████     | 4/8 [00:01<00:01,  3.66it/s] [92mSuccessfully preprocessed all matching files.[0m

Capturing batches (bs=8 avail_mem=30.03 GB):  62%|██████▎   | 5/8 [00:01<00:00,  3.64it/s]
Capturing batches (bs=4 avail_mem=30.02 GB):  62%|██████▎   | 5/8 [00:01<00:00,  3.64it/s]
Capturing batches (bs=2 avail_mem=30.02 GB):  62%|██████▎   | 5/8 [00:01<00:00,  3.64it/s]
Capturing batches (bs=2 avail_mem=30.02 GB):  88%|████████▊ | 7/8 [00:01<00:00,  5.83it/s]
Capturing batches (bs=1 avail_mem=30.02 GB):  88%|████████▊ | 7/8 [00:01<00:00,  5.83it/s]
Capturing batches (bs=1 avail_mem=30.02 GB): 100%|██████████| 8/8 [00:01<00:00,  4.02it/s]
==============================================================================
VERIFY_BATCH  model=/root/models/rwkv7-official/quant/rwkv7-g1d-0.4b-20260210-ctx8192-w4g64
  dtype=bfloat16  cuda_graph=ON  disable_radix_cache=True  n=24
------------------------------------------------------------------------------
ORACLE          [37138, 45, 44312, 47, 3918, 4600, 332, 45958, 56528, 4596, 22590, 30449, 21265, 4600, 22226, 4706, 22590, 31461, 64542, 53083, 4706, 37138, 47, 20996]
eiffel B=1 == numpy-oracle : False
lossy-quant mode: batch checks use the checkpoint B=1 output
------------------------------------------------------------------------------
[1] IDENTICAL  bsz=8  every-output==B1-ref : False  (0/8)
      req#0 DIVERGED: [37138, 45, 44312, 47, 3918, 4600, 332, 45958, 56528, 21265, 53168, 61616, 47, 3918, 4600, 332, 47483, 4706, 22590, 30449, 21265, 4600, 332, 52516]
      req#1 DIVERGED: [37138, 45, 44312, 47, 3918, 4600, 332, 45958, 56528, 21265, 53168, 61616, 47, 3918, 4600, 332, 47483, 4706, 22590, 30449, 21265, 4600, 332, 52516]
      req#2 DIVERGED: [37138, 45, 44312, 47, 3918, 4600, 332, 45958, 56528, 21265, 53168, 61616, 47, 3918, 4600, 332, 47483, 4706, 22590, 30449, 21265, 4600, 332, 52516]
      req#3 DIVERGED: [37138, 45, 44312, 47, 3918, 4600, 332, 45958, 56528, 21265, 53168, 61616, 47, 3918, 4600, 332, 47483, 4706, 22590, 30449, 21265, 4600, 332, 52516]
      req#4 DIVERGED: [37138, 45, 44312, 47, 3918, 4600, 332, 45958, 56528, 21265, 53168, 61616, 47, 3918, 4600, 332, 47483, 4706, 22590, 30449, 21265, 4600, 332, 52516]
      req#5 DIVERGED: [37138, 45, 44312, 47, 3918, 4600, 332, 45958, 56528, 21265, 53168, 61616, 47, 3918, 4600, 332, 47483, 4706, 22590, 30449, 21265, 4600, 332, 52516]
      req#6 DIVERGED: [37138, 45, 44312, 47, 3918, 4600, 332, 45958, 56528, 21265, 53168, 61616, 47, 3918, 4600, 332, 47483, 4706, 22590, 30449, 21265, 4600, 332, 52516]
      req#7 DIVERGED: [37138, 45, 44312, 47, 3918, 4600, 332, 45958, 56528, 21265, 53168, 61616, 47, 3918, 4600, 332, 47483, 4706, 22590, 30449, 21265, 4600, 332, 52516]
[2] SHARED-PREFIX  bsz=5  every-output==B1-ref : True  (5/5)  tags=['eiffel', 'sp1', 'eiffel', 'sp2', 'eiffel']
[3] MIXED  bsz=6  every-output==B1-ref : True  (6/6)  eiffel==B1-ref : True  tags=['eiffel', 'eiffel', 'sp1', 'distinct', 'eiffel', 'sp2']
------------------------------------------------------------------------------
OVERALL: FAIL: IDENTICAL
==============================================================================
