Quark quantization is unavailable in this ROCm environment (No module named 'aiter').
Quark INT4/FP8 MoE is unavailable in this ROCm environment (No module named 'aiter').
Quark quantization is unavailable in this ROCm environment (No module named 'aiter').
Quark INT4/FP8 MoE is unavailable in this ROCm environment (No module named 'aiter').
Quark quantization is unavailable in this ROCm environment (No module named 'aiter').
Quark INT4/FP8 MoE is unavailable in this ROCm environment (No module named 'aiter').
[Gloo] Rank 0 is connected to 0 peer ranks. Expected number of connected peer ranks is : 0
[Gloo] Rank 0 is connected to 0 peer ranks. Expected number of connected peer ranks is : 0
[Gloo] Rank 0 is connected to 0 peer ranks. Expected number of connected peer ranks is : 0

Multi-thread loading shards:   0% Completed | 0/1 [00:00<?, ?it/s]
Multi-thread loading shards: 100% Completed | 1/1 [00:23<00:00, 23.75s/it]
Multi-thread loading shards: 100% Completed | 1/1 [00:23<00:00, 23.75s/it]

  0%|          | 0/8 [00:00<?, ?it/s]
Capturing batches (bs=32 avail_mem=20.26 GB):   0%|          | 0/8 [00:00<?, ?it/s]
Capturing batches (bs=32 avail_mem=20.26 GB):  12%|█▎        | 1/8 [00:01<00:09,  1.30s/it]
Capturing batches (bs=24 avail_mem=20.01 GB):  12%|█▎        | 1/8 [00:01<00:09,  1.30s/it]
Capturing batches (bs=24 avail_mem=20.01 GB):  25%|██▌       | 2/8 [00:01<00:04,  1.44it/s]
Capturing batches (bs=16 avail_mem=20.00 GB):  25%|██▌       | 2/8 [00:01<00:04,  1.44it/s]
Capturing batches (bs=16 avail_mem=20.00 GB):  38%|███▊      | 3/8 [00:01<00:02,  1.89it/s]
Capturing batches (bs=12 avail_mem=19.99 GB):  38%|███▊      | 3/8 [00:01<00:02,  1.89it/s]
Capturing batches (bs=12 avail_mem=19.99 GB):  50%|█████     | 4/8 [00:02<00:01,  2.37it/s]
Capturing batches (bs=8 avail_mem=19.99 GB):  50%|█████     | 4/8 [00:02<00:01,  2.37it/s] 
Capturing batches (bs=8 avail_mem=19.99 GB):  62%|██████▎   | 5/8 [00:02<00:01,  2.78it/s]
Capturing batches (bs=4 avail_mem=19.99 GB):  62%|██████▎   | 5/8 [00:02<00:01,  2.78it/s]
Capturing batches (bs=4 avail_mem=19.99 GB):  75%|███████▌  | 6/8 [00:02<00:00,  3.11it/s]
Capturing batches (bs=2 avail_mem=19.98 GB):  75%|███████▌  | 6/8 [00:02<00:00,  3.11it/s]
Capturing batches (bs=2 avail_mem=19.98 GB):  88%|████████▊ | 7/8 [00:02<00:00,  3.38it/s]
Capturing batches (bs=1 avail_mem=19.98 GB):  88%|████████▊ | 7/8 [00:02<00:00,  3.38it/s]
Capturing batches (bs=1 avail_mem=19.98 GB): 100%|██████████| 8/8 [00:03<00:00,  3.56it/s]
Capturing batches (bs=1 avail_mem=19.98 GB): 100%|██████████| 8/8 [00:03<00:00,  2.54it/s]

==============================================================================
THROUGHPUT  model=rocm-13.3B-dense  dtype=bfloat16  cuda_graph=ON  radix_cache=OFF
  decode=64tok (steady-state, prefill-subtracted)  prefill_len=256  mem_fraction=0.75
  VRAM via rocm-smi GPU0; baseline(pre-Engine)=26 MiB
------------------------------------------------------------------------------
 bsz |  decode tok/s |  prefill tok/s |   TTFT ms | peak VRAM MiB | minus base
------------------------------------------------------------------------------
   1 |          12.1 |          755.2 |     339.0 |         29043 |      29017
   8 |          89.7 |         1102.7 |    1857.2 |         29463 |      29437
==============================================================================
wrote /root/models/rwkv7-official/results/rocm_quant_matrix_v1/133b_dense_throughput.json
