Quark quantization is unavailable in this ROCm environment (No module named 'aiter').
Quark INT4/FP8 MoE is unavailable in this ROCm environment (No module named 'aiter').
Quark quantization is unavailable in this ROCm environment (No module named 'aiter').
Quark INT4/FP8 MoE is unavailable in this ROCm environment (No module named 'aiter').
Quark quantization is unavailable in this ROCm environment (No module named 'aiter').
Quark INT4/FP8 MoE is unavailable in this ROCm environment (No module named 'aiter').
[Gloo] Rank 0 is connected to 0 peer ranks. Expected number of connected peer ranks is : 0
[Gloo] Rank 0 is connected to 0 peer ranks. Expected number of connected peer ranks is : 0
[Gloo] Rank 0 is connected to 0 peer ranks. Expected number of connected peer ranks is : 0

Multi-thread loading shards:   0% Completed | 0/1 [00:00<?, ?it/s]
Multi-thread loading shards: 100% Completed | 1/1 [00:06<00:00,  6.67s/it]
Multi-thread loading shards: 100% Completed | 1/1 [00:06<00:00,  6.67s/it]

  0%|          | 0/8 [00:00<?, ?it/s]
Capturing batches (bs=32 avail_mem=28.99 GB):   0%|          | 0/8 [00:00<?, ?it/s]
Capturing batches (bs=32 avail_mem=28.99 GB):  12%|█▎        | 1/8 [00:02<00:18,  2.66s/it]
Capturing batches (bs=24 avail_mem=27.96 GB):  12%|█▎        | 1/8 [00:02<00:18,  2.66s/it]
Capturing batches (bs=24 avail_mem=27.96 GB):  25%|██▌       | 2/8 [00:04<00:12,  2.14s/it]
Capturing batches (bs=16 avail_mem=27.96 GB):  25%|██▌       | 2/8 [00:04<00:12,  2.14s/it]
Capturing batches (bs=16 avail_mem=27.96 GB):  38%|███▊      | 3/8 [00:06<00:10,  2.01s/it]
Capturing batches (bs=12 avail_mem=27.95 GB):  38%|███▊      | 3/8 [00:06<00:10,  2.01s/it]
Capturing batches (bs=12 avail_mem=27.95 GB):  50%|█████     | 4/8 [00:08<00:07,  1.93s/it]
Capturing batches (bs=8 avail_mem=27.95 GB):  50%|█████     | 4/8 [00:08<00:07,  1.93s/it] [92mSuccessfully preprocessed all matching files.[0m

Capturing batches (bs=8 avail_mem=27.95 GB):  62%|██████▎   | 5/8 [00:08<00:04,  1.38s/it]
Capturing batches (bs=4 avail_mem=27.94 GB):  62%|██████▎   | 5/8 [00:08<00:04,  1.38s/it]
Capturing batches (bs=4 avail_mem=27.94 GB):  75%|███████▌  | 6/8 [00:08<00:01,  1.03it/s]
Capturing batches (bs=2 avail_mem=27.94 GB):  75%|███████▌  | 6/8 [00:08<00:01,  1.03it/s]
Capturing batches (bs=2 avail_mem=27.94 GB):  88%|████████▊ | 7/8 [00:08<00:00,  1.40it/s]
Capturing batches (bs=1 avail_mem=27.94 GB):  88%|████████▊ | 7/8 [00:08<00:00,  1.40it/s]
Capturing batches (bs=1 avail_mem=27.94 GB): 100%|██████████| 8/8 [00:09<00:00,  1.83it/s]
Capturing batches (bs=1 avail_mem=27.94 GB): 100%|██████████| 8/8 [00:09<00:00,  1.13s/it]

==============================================================================
THROUGHPUT  model=rocm-13.3B-w4g64  dtype=bfloat16  cuda_graph=ON  radix_cache=OFF
  decode=64tok (steady-state, prefill-subtracted)  prefill_len=256  mem_fraction=0.75
  VRAM via rocm-smi GPU0; baseline(pre-Engine)=26 MiB
------------------------------------------------------------------------------
 bsz |  decode tok/s |  prefill tok/s |   TTFT ms | peak VRAM MiB | minus base
------------------------------------------------------------------------------
   1 |          24.6 |          251.7 |    1017.2 |         21596 |      21570
   8 |         139.2 |          271.9 |    7533.2 |         21755 |      21729
==============================================================================
wrote /root/models/rwkv7-official/results/rocm_quant_matrix_v1/133b_w4g64_throughput.json
