Quark quantization is unavailable in this ROCm environment (No module named 'aiter').
Quark INT4/FP8 MoE is unavailable in this ROCm environment (No module named 'aiter').
Quark quantization is unavailable in this ROCm environment (No module named 'aiter').
Quark INT4/FP8 MoE is unavailable in this ROCm environment (No module named 'aiter').
Quark quantization is unavailable in this ROCm environment (No module named 'aiter').
Quark INT4/FP8 MoE is unavailable in this ROCm environment (No module named 'aiter').
[Gloo] Rank 0 is connected to 0 peer ranks. Expected number of connected peer ranks is : 0
[Gloo] Rank 0 is connected to 0 peer ranks. Expected number of connected peer ranks is : 0
[Gloo] Rank 0 is connected to 0 peer ranks. Expected number of connected peer ranks is : 0

Multi-thread loading shards:   0% Completed | 0/1 [00:00<?, ?it/s]
Multi-thread loading shards: 100% Completed | 1/1 [00:10<00:00, 10.96s/it]
Multi-thread loading shards: 100% Completed | 1/1 [00:10<00:00, 10.96s/it]

  0%|          | 0/8 [00:00<?, ?it/s]
Capturing batches (bs=32 avail_mem=25.99 GB):   0%|          | 0/8 [00:00<?, ?it/s]
Capturing batches (bs=32 avail_mem=25.99 GB):  12%|█▎        | 1/8 [00:01<00:12,  1.72s/it]
Capturing batches (bs=24 avail_mem=25.43 GB):  12%|█▎        | 1/8 [00:01<00:12,  1.72s/it]
Capturing batches (bs=24 avail_mem=25.43 GB):  25%|██▌       | 2/8 [00:02<00:06,  1.15s/it]
Capturing batches (bs=16 avail_mem=25.42 GB):  25%|██▌       | 2/8 [00:02<00:06,  1.15s/it]
Capturing batches (bs=16 avail_mem=25.42 GB):  38%|███▊      | 3/8 [00:03<00:05,  1.01s/it]
Capturing batches (bs=12 avail_mem=25.41 GB):  38%|███▊      | 3/8 [00:03<00:05,  1.01s/it]
Capturing batches (bs=12 avail_mem=25.41 GB):  50%|█████     | 4/8 [00:04<00:03,  1.10it/s]
Capturing batches (bs=8 avail_mem=25.41 GB):  50%|█████     | 4/8 [00:04<00:03,  1.10it/s] [92mSuccessfully preprocessed all matching files.[0m

Capturing batches (bs=8 avail_mem=25.41 GB):  62%|██████▎   | 5/8 [00:04<00:02,  1.38it/s]
Capturing batches (bs=4 avail_mem=25.40 GB):  62%|██████▎   | 5/8 [00:04<00:02,  1.38it/s]
Capturing batches (bs=4 avail_mem=25.40 GB):  75%|███████▌  | 6/8 [00:04<00:01,  1.85it/s]
Capturing batches (bs=2 avail_mem=25.40 GB):  75%|███████▌  | 6/8 [00:04<00:01,  1.85it/s]
Capturing batches (bs=2 avail_mem=25.40 GB):  88%|████████▊ | 7/8 [00:04<00:00,  2.36it/s]
Capturing batches (bs=1 avail_mem=25.40 GB):  88%|████████▊ | 7/8 [00:04<00:00,  2.36it/s]
Capturing batches (bs=1 avail_mem=25.40 GB): 100%|██████████| 8/8 [00:05<00:00,  2.86it/s]
Capturing batches (bs=1 avail_mem=25.40 GB): 100%|██████████| 8/8 [00:05<00:00,  1.59it/s]

==============================================================================
THROUGHPUT  model=rocm-13.3B-w8g64  dtype=bfloat16  cuda_graph=ON  radix_cache=OFF
  decode=64tok (steady-state, prefill-subtracted)  prefill_len=256  mem_fraction=0.75
  VRAM via rocm-smi GPU0; baseline(pre-Engine)=26 MiB
------------------------------------------------------------------------------
 bsz |  decode tok/s |  prefill tok/s |   TTFT ms | peak VRAM MiB | minus base
------------------------------------------------------------------------------
   1 |          20.7 |          461.8 |     554.3 |         23734 |      23708
   8 |         135.5 |          527.9 |    3879.3 |         24234 |      24208
==============================================================================
wrote /root/models/rwkv7-official/results/rocm_quant_matrix_v1/133b_w8g64_throughput.json
