Quark quantization is unavailable in this ROCm environment (No module named 'aiter').
Quark INT4/FP8 MoE is unavailable in this ROCm environment (No module named 'aiter').
Quark quantization is unavailable in this ROCm environment (No module named 'aiter').
Quark INT4/FP8 MoE is unavailable in this ROCm environment (No module named 'aiter').
Quark quantization is unavailable in this ROCm environment (No module named 'aiter').
Quark INT4/FP8 MoE is unavailable in this ROCm environment (No module named 'aiter').
[Gloo] Rank 0 is connected to 0 peer ranks. Expected number of connected peer ranks is : 0
[Gloo] Rank 0 is connected to 0 peer ranks. Expected number of connected peer ranks is : 0
[Gloo] Rank 0 is connected to 0 peer ranks. Expected number of connected peer ranks is : 0

Multi-thread loading shards:   0% Completed | 0/1 [00:00<?, ?it/s]
Multi-thread loading shards: 100% Completed | 1/1 [00:02<00:00,  2.27s/it]
Multi-thread loading shards: 100% Completed | 1/1 [00:02<00:00,  2.27s/it]

  0%|          | 0/8 [00:00<?, ?it/s]
Capturing batches (bs=32 avail_mem=31.55 GB):   0%|          | 0/8 [00:00<?, ?it/s]
Capturing batches (bs=32 avail_mem=31.55 GB):  12%|█▎        | 1/8 [00:00<00:06,  1.09it/s]
Capturing batches (bs=24 avail_mem=31.31 GB):  12%|█▎        | 1/8 [00:00<00:06,  1.09it/s]
Capturing batches (bs=16 avail_mem=31.30 GB):  12%|█▎        | 1/8 [00:00<00:06,  1.09it/s]
Capturing batches (bs=16 avail_mem=31.30 GB):  38%|███▊      | 3/8 [00:01<00:01,  3.12it/s]
Capturing batches (bs=12 avail_mem=31.29 GB):  38%|███▊      | 3/8 [00:01<00:01,  3.12it/s]
Capturing batches (bs=8 avail_mem=31.29 GB):  38%|███▊      | 3/8 [00:01<00:01,  3.12it/s] 
Capturing batches (bs=8 avail_mem=31.29 GB):  62%|██████▎   | 5/8 [00:01<00:00,  5.13it/s]
Capturing batches (bs=4 avail_mem=31.29 GB):  62%|██████▎   | 5/8 [00:01<00:00,  5.13it/s]
Capturing batches (bs=2 avail_mem=31.28 GB):  62%|██████▎   | 5/8 [00:01<00:00,  5.13it/s]
Capturing batches (bs=2 avail_mem=31.28 GB):  88%|████████▊ | 7/8 [00:01<00:00,  6.90it/s]
Capturing batches (bs=1 avail_mem=31.28 GB):  88%|████████▊ | 7/8 [00:01<00:00,  6.90it/s]
Capturing batches (bs=1 avail_mem=31.28 GB): 100%|██████████| 8/8 [00:01<00:00,  5.24it/s]

==============================================================================
THROUGHPUT  model=rocm-1.5B-dense  dtype=bfloat16  cuda_graph=ON  radix_cache=OFF
  decode=64tok (steady-state, prefill-subtracted)  prefill_len=256  mem_fraction=0.75
  VRAM via rocm-smi GPU0; baseline(pre-Engine)=26 MiB
------------------------------------------------------------------------------
 bsz |  decode tok/s |  prefill tok/s |   TTFT ms | peak VRAM MiB | minus base
------------------------------------------------------------------------------
   1 |          60.8 |         4769.7 |      53.7 |         17394 |      17368
   8 |         469.3 |        10315.7 |     198.5 |         17726 |      17700
==============================================================================
wrote /root/models/rwkv7-official/results/rocm_quant_matrix_v1/15b_dense_throughput.json
