Quark quantization is unavailable in this ROCm environment (No module named 'aiter').
Quark INT4/FP8 MoE is unavailable in this ROCm environment (No module named 'aiter').
Quark quantization is unavailable in this ROCm environment (No module named 'aiter').
Quark INT4/FP8 MoE is unavailable in this ROCm environment (No module named 'aiter').
Quark quantization is unavailable in this ROCm environment (No module named 'aiter').
Quark INT4/FP8 MoE is unavailable in this ROCm environment (No module named 'aiter').
[Gloo] Rank 0 is connected to 0 peer ranks. Expected number of connected peer ranks is : 0
[Gloo] Rank 0 is connected to 0 peer ranks. Expected number of connected peer ranks is : 0
[Gloo] Rank 0 is connected to 0 peer ranks. Expected number of connected peer ranks is : 0

Multi-thread loading shards:   0% Completed | 0/1 [00:00<?, ?it/s]
Multi-thread loading shards: 100% Completed | 1/1 [00:02<00:00,  2.59s/it]
Multi-thread loading shards: 100% Completed | 1/1 [00:02<00:00,  2.59s/it]

  0%|          | 0/8 [00:00<?, ?it/s]
Capturing batches (bs=32 avail_mem=31.40 GB):   0%|          | 0/8 [00:00<?, ?it/s]
Capturing batches (bs=32 avail_mem=31.40 GB):  12%|█▎        | 1/8 [00:01<00:07,  1.02s/it]
Capturing batches (bs=24 avail_mem=31.05 GB):  12%|█▎        | 1/8 [00:01<00:07,  1.02s/it]
Capturing batches (bs=24 avail_mem=31.05 GB):  25%|██▌       | 2/8 [00:01<00:03,  1.86it/s]
Capturing batches (bs=16 avail_mem=31.04 GB):  25%|██▌       | 2/8 [00:01<00:03,  1.86it/s]
Capturing batches (bs=16 avail_mem=31.04 GB):  38%|███▊      | 3/8 [00:01<00:02,  2.42it/s]
Capturing batches (bs=12 avail_mem=31.03 GB):  38%|███▊      | 3/8 [00:01<00:02,  2.42it/s]
Capturing batches (bs=12 avail_mem=31.03 GB):  50%|█████     | 4/8 [00:01<00:01,  3.06it/s]
Capturing batches (bs=8 avail_mem=31.03 GB):  50%|█████     | 4/8 [00:01<00:01,  3.06it/s] [92mSuccessfully preprocessed all matching files.[0m

Capturing batches (bs=8 avail_mem=31.03 GB):  62%|██████▎   | 5/8 [00:01<00:00,  3.15it/s]
Capturing batches (bs=4 avail_mem=31.03 GB):  62%|██████▎   | 5/8 [00:01<00:00,  3.15it/s]
Capturing batches (bs=2 avail_mem=31.03 GB):  62%|██████▎   | 5/8 [00:02<00:00,  3.15it/s]
Capturing batches (bs=2 avail_mem=31.03 GB):  88%|████████▊ | 7/8 [00:02<00:00,  4.87it/s]
Capturing batches (bs=1 avail_mem=31.02 GB):  88%|████████▊ | 7/8 [00:02<00:00,  4.87it/s]
Capturing batches (bs=1 avail_mem=31.02 GB): 100%|██████████| 8/8 [00:02<00:00,  5.61it/s]
Capturing batches (bs=1 avail_mem=31.02 GB): 100%|██████████| 8/8 [00:02<00:00,  3.52it/s]
==============================================================================
VERIFY_BATCH  model=/root/models/rwkv7-official/quant/rwkv7-g1h-2.9b-20260710-ctx10240-w8g64
  dtype=bfloat16  cuda_graph=ON  disable_radix_cache=True  n=24
------------------------------------------------------------------------------
ORACLE          [37138, 45, 44312, 47, 3918, 4600, 57239, 4712, 22590, 36455, 4481, 29352, 45, 332, 38864, 31630, 4596, 22590, 290, 2209, 21290, 8365, 54100, 4706]
eiffel B=1 == numpy-oracle : True
------------------------------------------------------------------------------
[1] IDENTICAL  bsz=8  every-output==oracle : True  (8/8)
[2] SHARED-PREFIX  bsz=5  every-output==B1-ref : True  (5/5)  tags=['eiffel', 'sp1', 'eiffel', 'sp2', 'eiffel']
[3] MIXED  bsz=6  every-output==B1-ref : True  (6/6)  eiffel==oracle : True  tags=['eiffel', 'eiffel', 'sp1', 'distinct', 'eiffel', 'sp2']
------------------------------------------------------------------------------
OVERALL: PASS (all batches exact)
==============================================================================
