Quark quantization is unavailable in this ROCm environment (No module named 'aiter').
Quark INT4/FP8 MoE is unavailable in this ROCm environment (No module named 'aiter').
Quark quantization is unavailable in this ROCm environment (No module named 'aiter').
Quark INT4/FP8 MoE is unavailable in this ROCm environment (No module named 'aiter').
Quark quantization is unavailable in this ROCm environment (No module named 'aiter').
Quark INT4/FP8 MoE is unavailable in this ROCm environment (No module named 'aiter').
[Gloo] Rank 0 is connected to 0 peer ranks. Expected number of connected peer ranks is : 0
[Gloo] Rank 0 is connected to 0 peer ranks. Expected number of connected peer ranks is : 0
[Gloo] Rank 0 is connected to 0 peer ranks. Expected number of connected peer ranks is : 0

Multi-thread loading shards:   0% Completed | 0/1 [00:00<?, ?it/s]
Multi-thread loading shards: 100% Completed | 1/1 [00:01<00:00,  1.46s/it]
Multi-thread loading shards: 100% Completed | 1/1 [00:01<00:00,  1.46s/it]

  0%|          | 0/8 [00:00<?, ?it/s]
Capturing batches (bs=32 avail_mem=31.40 GB):   0%|          | 0/8 [00:00<?, ?it/s]
Capturing batches (bs=32 avail_mem=31.40 GB):  12%|█▎        | 1/8 [00:01<00:07,  1.02s/it]
Capturing batches (bs=24 avail_mem=31.05 GB):  12%|█▎        | 1/8 [00:01<00:07,  1.02s/it]
Capturing batches (bs=24 avail_mem=31.05 GB):  25%|██▌       | 2/8 [00:01<00:03,  1.87it/s]
Capturing batches (bs=16 avail_mem=31.04 GB):  25%|██▌       | 2/8 [00:01<00:03,  1.87it/s]
Capturing batches (bs=16 avail_mem=31.04 GB):  38%|███▊      | 3/8 [00:01<00:02,  2.42it/s]
Capturing batches (bs=12 avail_mem=31.03 GB):  38%|███▊      | 3/8 [00:01<00:02,  2.42it/s]
Capturing batches (bs=12 avail_mem=31.03 GB):  50%|█████     | 4/8 [00:01<00:01,  3.05it/s]
Capturing batches (bs=8 avail_mem=31.03 GB):  50%|█████     | 4/8 [00:01<00:01,  3.05it/s] [92mSuccessfully preprocessed all matching files.[0m

Capturing batches (bs=8 avail_mem=31.03 GB):  62%|██████▎   | 5/8 [00:01<00:00,  3.14it/s]
Capturing batches (bs=4 avail_mem=31.03 GB):  62%|██████▎   | 5/8 [00:01<00:00,  3.14it/s]
Capturing batches (bs=2 avail_mem=31.03 GB):  62%|██████▎   | 5/8 [00:02<00:00,  3.14it/s]
Capturing batches (bs=2 avail_mem=31.03 GB):  88%|████████▊ | 7/8 [00:02<00:00,  4.86it/s]
Capturing batches (bs=1 avail_mem=31.02 GB):  88%|████████▊ | 7/8 [00:02<00:00,  4.86it/s]
Capturing batches (bs=1 avail_mem=31.02 GB): 100%|██████████| 8/8 [00:02<00:00,  5.60it/s]
Capturing batches (bs=1 avail_mem=31.02 GB): 100%|██████████| 8/8 [00:02<00:00,  3.51it/s]

==============================================================================
THROUGHPUT  model=rocm-2.9B-w8g64  dtype=bfloat16  cuda_graph=ON  radix_cache=OFF
  decode=64tok (steady-state, prefill-subtracted)  prefill_len=256  mem_fraction=0.75
  VRAM via rocm-smi GPU0; baseline(pre-Engine)=26 MiB
------------------------------------------------------------------------------
 bsz |  decode tok/s |  prefill tok/s |   TTFT ms | peak VRAM MiB | minus base
------------------------------------------------------------------------------
   1 |          61.1 |         2072.1 |     123.5 |         17751 |      17725
   8 |         416.4 |         2801.3 |     731.1 |         18027 |      18001
==============================================================================
wrote /root/models/rwkv7-official/results/rocm_quant_matrix_v1/29b_w8g64_throughput.json
