Quark quantization is unavailable in this ROCm environment (No module named 'aiter').
Quark INT4/FP8 MoE is unavailable in this ROCm environment (No module named 'aiter').
Quark quantization is unavailable in this ROCm environment (No module named 'aiter').
Quark INT4/FP8 MoE is unavailable in this ROCm environment (No module named 'aiter').
Quark quantization is unavailable in this ROCm environment (No module named 'aiter').
Quark INT4/FP8 MoE is unavailable in this ROCm environment (No module named 'aiter').
[Gloo] Rank 0 is connected to 0 peer ranks. Expected number of connected peer ranks is : 0
[Gloo] Rank 0 is connected to 0 peer ranks. Expected number of connected peer ranks is : 0
[Gloo] Rank 0 is connected to 0 peer ranks. Expected number of connected peer ranks is : 0

Multi-thread loading shards:   0% Completed | 0/1 [00:00<?, ?it/s]
Multi-thread loading shards: 100% Completed | 1/1 [00:03<00:00,  3.51s/it]
Multi-thread loading shards: 100% Completed | 1/1 [00:03<00:00,  3.51s/it]

  0%|          | 0/8 [00:00<?, ?it/s]
Capturing batches (bs=32 avail_mem=29.17 GB):   0%|          | 0/8 [00:00<?, ?it/s]
Capturing batches (bs=32 avail_mem=29.17 GB):  12%|█▎        | 1/8 [00:01<00:08,  1.24s/it]
Capturing batches (bs=24 avail_mem=28.61 GB):  12%|█▎        | 1/8 [00:01<00:08,  1.24s/it]
Capturing batches (bs=24 avail_mem=28.61 GB):  25%|██▌       | 2/8 [00:01<00:04,  1.34it/s]
Capturing batches (bs=16 avail_mem=28.60 GB):  25%|██▌       | 2/8 [00:01<00:04,  1.34it/s]
Capturing batches (bs=16 avail_mem=28.60 GB):  38%|███▊      | 3/8 [00:02<00:03,  1.60it/s]
Capturing batches (bs=12 avail_mem=28.59 GB):  38%|███▊      | 3/8 [00:02<00:03,  1.60it/s]
Capturing batches (bs=12 avail_mem=28.59 GB):  50%|█████     | 4/8 [00:02<00:02,  1.86it/s]
Capturing batches (bs=8 avail_mem=28.59 GB):  50%|█████     | 4/8 [00:02<00:02,  1.86it/s] [92mSuccessfully preprocessed all matching files.[0m

Capturing batches (bs=8 avail_mem=28.59 GB):  62%|██████▎   | 5/8 [00:02<00:01,  2.20it/s]
Capturing batches (bs=4 avail_mem=28.59 GB):  62%|██████▎   | 5/8 [00:02<00:01,  2.20it/s]
Capturing batches (bs=2 avail_mem=28.58 GB):  62%|██████▎   | 5/8 [00:02<00:01,  2.20it/s]
Capturing batches (bs=2 avail_mem=28.58 GB):  88%|████████▊ | 7/8 [00:03<00:00,  3.67it/s]
Capturing batches (bs=1 avail_mem=28.58 GB):  88%|████████▊ | 7/8 [00:03<00:00,  3.67it/s]
Capturing batches (bs=1 avail_mem=28.58 GB): 100%|██████████| 8/8 [00:03<00:00,  4.40it/s]
Capturing batches (bs=1 avail_mem=28.58 GB): 100%|██████████| 8/8 [00:03<00:00,  2.56it/s]

==============================================================================
THROUGHPUT  model=rocm-7.2B-w8g64  dtype=bfloat16  cuda_graph=ON  radix_cache=OFF
  decode=64tok (steady-state, prefill-subtracted)  prefill_len=256  mem_fraction=0.75
  VRAM via rocm-smi GPU0; baseline(pre-Engine)=26 MiB
------------------------------------------------------------------------------
 bsz |  decode tok/s |  prefill tok/s |   TTFT ms | peak VRAM MiB | minus base
------------------------------------------------------------------------------
   1 |          39.6 |          880.4 |     290.8 |         20470 |      20444
   8 |         255.3 |         1005.3 |    2037.3 |         20969 |      20943
==============================================================================
wrote /root/models/rwkv7-official/results/rocm_quant_matrix_v1/72b_w8g64_throughput.json
