Quark quantization is unavailable in this ROCm environment (No module named 'aiter').
Quark INT4/FP8 MoE is unavailable in this ROCm environment (No module named 'aiter').
Quark quantization is unavailable in this ROCm environment (No module named 'aiter').
Quark INT4/FP8 MoE is unavailable in this ROCm environment (No module named 'aiter').
Quark quantization is unavailable in this ROCm environment (No module named 'aiter').
Quark INT4/FP8 MoE is unavailable in this ROCm environment (No module named 'aiter').
[Gloo] Rank 0 is connected to 0 peer ranks. Expected number of connected peer ranks is : 0
[Gloo] Rank 0 is connected to 0 peer ranks. Expected number of connected peer ranks is : 0
[Gloo] Rank 0 is connected to 0 peer ranks. Expected number of connected peer ranks is : 0

Multi-thread loading shards:   0% Completed | 0/1 [00:00<?, ?it/s]
Multi-thread loading shards: 100% Completed | 1/1 [00:13<00:00, 13.84s/it]
Multi-thread loading shards: 100% Completed | 1/1 [00:13<00:00, 13.84s/it]

  0%|          | 0/8 [00:00<?, ?it/s]
Capturing batches (bs=32 avail_mem=26.13 GB):   0%|          | 0/8 [00:00<?, ?it/s]
Capturing batches (bs=32 avail_mem=26.13 GB):  12%|█▎        | 1/8 [00:01<00:07,  1.13s/it]
Capturing batches (bs=24 avail_mem=25.89 GB):  12%|█▎        | 1/8 [00:01<00:07,  1.13s/it]
Capturing batches (bs=24 avail_mem=25.89 GB):  25%|██▌       | 2/8 [00:01<00:03,  1.83it/s]
Capturing batches (bs=16 avail_mem=25.88 GB):  25%|██▌       | 2/8 [00:01<00:03,  1.83it/s]
Capturing batches (bs=16 avail_mem=25.88 GB):  38%|███▊      | 3/8 [00:01<00:01,  2.56it/s]
Capturing batches (bs=12 avail_mem=25.87 GB):  38%|███▊      | 3/8 [00:01<00:01,  2.56it/s]
Capturing batches (bs=12 avail_mem=25.87 GB):  50%|█████     | 4/8 [00:01<00:01,  3.46it/s]
Capturing batches (bs=8 avail_mem=25.87 GB):  50%|█████     | 4/8 [00:01<00:01,  3.46it/s] 
Capturing batches (bs=8 avail_mem=25.87 GB):  62%|██████▎   | 5/8 [00:01<00:00,  4.30it/s]
Capturing batches (bs=4 avail_mem=25.87 GB):  62%|██████▎   | 5/8 [00:01<00:00,  4.30it/s]
Capturing batches (bs=4 avail_mem=25.87 GB):  75%|███████▌  | 6/8 [00:01<00:00,  5.07it/s]
Capturing batches (bs=2 avail_mem=25.87 GB):  75%|███████▌  | 6/8 [00:01<00:00,  5.07it/s]
Capturing batches (bs=2 avail_mem=25.87 GB):  88%|████████▊ | 7/8 [00:01<00:00,  5.74it/s]
Capturing batches (bs=1 avail_mem=25.87 GB):  88%|████████▊ | 7/8 [00:01<00:00,  5.74it/s]
Capturing batches (bs=1 avail_mem=25.87 GB): 100%|██████████| 8/8 [00:02<00:00,  6.18it/s]
Capturing batches (bs=1 avail_mem=25.87 GB): 100%|██████████| 8/8 [00:02<00:00,  3.76it/s]

==============================================================================
THROUGHPUT  model=rocm-7.2B-dense  dtype=bfloat16  cuda_graph=ON  radix_cache=OFF
  decode=64tok (steady-state, prefill-subtracted)  prefill_len=256  mem_fraction=0.75
  VRAM via rocm-smi GPU0; baseline(pre-Engine)=26 MiB
------------------------------------------------------------------------------
 bsz |  decode tok/s |  prefill tok/s |   TTFT ms | peak VRAM MiB | minus base
------------------------------------------------------------------------------
   1 |          23.0 |         1431.2 |     178.9 |         23015 |      22989
   8 |         170.6 |         2099.1 |     975.7 |         23455 |      23429
==============================================================================
wrote /root/models/rwkv7-official/results/rocm_quant_matrix_v1/72b_dense_throughput.json
