Quark quantization is unavailable in this ROCm environment (No module named 'aiter').
Quark INT4/FP8 MoE is unavailable in this ROCm environment (No module named 'aiter').
Quark quantization is unavailable in this ROCm environment (No module named 'aiter').
Quark INT4/FP8 MoE is unavailable in this ROCm environment (No module named 'aiter').
Quark quantization is unavailable in this ROCm environment (No module named 'aiter').
Quark INT4/FP8 MoE is unavailable in this ROCm environment (No module named 'aiter').
[Gloo] Rank 0 is connected to 0 peer ranks. Expected number of connected peer ranks is : 0
[Gloo] Rank 0 is connected to 0 peer ranks. Expected number of connected peer ranks is : 0
[Gloo] Rank 0 is connected to 0 peer ranks. Expected number of connected peer ranks is : 0

Multi-thread loading shards:   0% Completed | 0/1 [00:00<?, ?it/s]
Multi-thread loading shards: 100% Completed | 1/1 [00:02<00:00,  2.23s/it]
Multi-thread loading shards: 100% Completed | 1/1 [00:02<00:00,  2.23s/it]

  0%|          | 0/8 [00:00<?, ?it/s]
Capturing batches (bs=32 avail_mem=30.76 GB):   0%|          | 0/8 [00:00<?, ?it/s]
Capturing batches (bs=32 avail_mem=30.76 GB):  12%|█▎        | 1/8 [00:01<00:12,  1.81s/it]
Capturing batches (bs=24 avail_mem=29.74 GB):  12%|█▎        | 1/8 [00:01<00:12,  1.81s/it]
Capturing batches (bs=24 avail_mem=29.74 GB):  25%|██▌       | 2/8 [00:02<00:07,  1.29s/it]
Capturing batches (bs=16 avail_mem=29.73 GB):  25%|██▌       | 2/8 [00:02<00:07,  1.29s/it]
Capturing batches (bs=16 avail_mem=29.73 GB):  38%|███▊      | 3/8 [00:03<00:05,  1.17s/it]
Capturing batches (bs=12 avail_mem=29.72 GB):  38%|███▊      | 3/8 [00:03<00:05,  1.17s/it]
Capturing batches (bs=12 avail_mem=29.72 GB):  50%|█████     | 4/8 [00:04<00:04,  1.08s/it]
Capturing batches (bs=8 avail_mem=29.72 GB):  50%|█████     | 4/8 [00:04<00:04,  1.08s/it] [92mSuccessfully preprocessed all matching files.[0m

Capturing batches (bs=8 avail_mem=29.72 GB):  62%|██████▎   | 5/8 [00:05<00:02,  1.25it/s]
Capturing batches (bs=4 avail_mem=29.71 GB):  62%|██████▎   | 5/8 [00:05<00:02,  1.25it/s]
Capturing batches (bs=2 avail_mem=29.71 GB):  62%|██████▎   | 5/8 [00:05<00:02,  1.25it/s]
Capturing batches (bs=2 avail_mem=29.71 GB):  88%|████████▊ | 7/8 [00:05<00:00,  2.25it/s]
Capturing batches (bs=1 avail_mem=29.71 GB):  88%|████████▊ | 7/8 [00:05<00:00,  2.25it/s]
Capturing batches (bs=1 avail_mem=29.71 GB): 100%|██████████| 8/8 [00:05<00:00,  2.82it/s]
Capturing batches (bs=1 avail_mem=29.71 GB): 100%|██████████| 8/8 [00:05<00:00,  1.51it/s]

==============================================================================
THROUGHPUT  model=rocm-7.2B-w4g64  dtype=bfloat16  cuda_graph=ON  radix_cache=OFF
  decode=64tok (steady-state, prefill-subtracted)  prefill_len=256  mem_fraction=0.75
  VRAM via rocm-smi GPU0; baseline(pre-Engine)=26 MiB
------------------------------------------------------------------------------
 bsz |  decode tok/s |  prefill tok/s |   TTFT ms | peak VRAM MiB | minus base
------------------------------------------------------------------------------
   1 |          47.4 |          479.1 |     534.3 |         19794 |      19768
   8 |         261.6 |          516.9 |    3961.9 |         19954 |      19928
==============================================================================
wrote /root/models/rwkv7-official/results/rocm_quant_matrix_v1/72b_w4g64_throughput.json
