GPU=AMD Radeon Graphics HIP=7.2.53211-e1a6bc5663 W8 storage=51.56% W4 storage=26.56% of fp16
   dtype   M     K     N bits |  rel error chunk exact |  dense us  fallback  quant us   vs fb
---------------------------------------------------------------------------------------------------------------
 float16   9   768  3072    8 |  0.000e+00        True |     12.16     70.01     32.26   2.17x
 float16   9   768  3072    4 |  0.000e+00        True |     11.98    158.16     30.04   5.27x
 float16  64   768  3072    8 |  0.000e+00        True |     13.30     47.82     31.71   1.51x
 float16  64   768  3072    4 |  0.000e+00        True |     13.37    140.31     30.99   4.53x
 float16 256   768  3072    8 |                                                                  fallback
 float16 256   768  3072    4 |  0.000e+00        True |     25.62    152.08     64.60   2.35x
 float16   9  3072   768    8 |                                                                  fallback
 float16   9  3072   768    4 |  6.120e-05        True |     21.12    148.77     50.29   2.96x
 float16  64  3072   768    8 |                                                                  fallback
 float16  64  3072   768    4 |  5.569e-05        True |     19.98    147.87     53.80   2.75x
 float16 256  3072   768    8 |                                                                  fallback
 float16 256  3072   768    4 |  0.000e+00        True |     41.21    166.03     66.13   2.51x
 float16   9  2048  8192    8 |  0.000e+00        True |     50.75    245.14    114.88   2.13x
 float16   9  2048  8192    4 |  0.000e+00        True |     49.75    681.61     93.97   7.25x
 float16  64  2048  8192    8 |  0.000e+00        True |     49.18    245.79    132.79   1.85x
 float16  64  2048  8192    4 |  0.000e+00        True |     49.32    675.25    102.76   6.57x
 float16 256  2048  8192    8 |                                                                  fallback
 float16 256  2048  8192    4 |  4.311e-05        True |    138.92    765.33    328.38   2.33x
 float16   9  8192  2048    8 |  0.000e+00        True |     66.14    255.03    167.09   1.53x
 float16   9  8192  2048    4 |  0.000e+00        True |     63.03    635.58    150.28   4.23x
 float16  64  8192  2048    8 |  0.000e+00        True |     77.49    272.95    199.73   1.37x
 float16  64  8192  2048    4 |  0.000e+00        True |     77.47    629.55    161.84   3.89x
 float16 256  8192  2048    8 |                                                                  fallback
 float16 256  8192  2048    4 |  0.000e+00        True |    158.09    710.56    371.28   1.91x
 float16   9  4096 16384    8 |  0.000e+00        True |    282.47   1235.12    331.43   3.73x
 float16   9  4096 16384    4 |  0.000e+00        True |    280.62   4124.10    299.65  13.76x
 float16  64  4096 16384    8 |  0.000e+00        True |    291.30   1229.42    374.62   3.28x
 float16  64  4096 16384    4 |  0.000e+00        True |    280.79   4117.23    325.14  12.66x
 float16 256  4096 16384    8 |  6.227e-05        True |    618.09   1412.70   1289.25   1.10x
 float16 256  4096 16384    4 |  6.104e-05        True |    606.25   4278.29   1200.72   3.56x
 float16   9 16384  4096    8 |  0.000e+00        True |    244.95   1106.09    404.91   2.73x
 float16   9 16384  4096    4 |  0.000e+00        True |    242.78   4198.66    359.51  11.68x
 float16  64 16384  4096    8 |  0.000e+00        True |    293.61   1141.39    454.70   2.51x
 float16  64 16384  4096    4 |  0.000e+00        True |    291.89   4212.19    380.16  11.08x
 float16 256 16384  4096    8 |  0.000e+00        True |    678.02   1492.62   1393.02   1.07x
 float16 256 16384  4096    4 |  0.000e+00        True |    676.00   4585.16   1247.35   3.68x
wrote bench/results/rocm_gfx1100_quant_prefill_fp16.json
ROCm quant gate: PASS
