GPU=AMD Radeon Graphics HIP=7.2.53211-e1a6bc5663 W8 storage=51.56% W4 storage=26.56% of fp16
   dtype   M     K     N bits |  rel error chunk exact |  dense us  fallback  quant us   vs fb
---------------------------------------------------------------------------------------------------------------
bfloat16   9  1024  1024    8 |  2.866e-05        True |     12.00     47.34     32.20   1.47x
bfloat16   9  1024  1024    4 |  6.179e-08        True |     12.62    145.67     31.76   4.59x
bfloat16  16  1024  1024    8 |  2.932e-05        True |     12.02     44.76     30.45   1.47x
bfloat16  16  1024  1024    4 |  1.161e-08        True |     11.24    124.66     31.16   4.00x
bfloat16  32  1024  1024    8 |  1.713e-05        True |     14.62     46.73     31.30   1.49x
bfloat16  32  1024  1024    4 |  1.934e-05        True |     10.90    125.06     29.42   4.25x
bfloat16  64  1024  1024    8 |  4.381e-05        True |     11.90     44.65     33.34   1.34x
bfloat16  64  1024  1024    4 |  2.979e-05        True |     11.57    125.53     30.78   4.08x
bfloat16 128  1024  1024    8 |  0.000e+00        True |     19.15     52.00     38.50   1.35x
bfloat16 128  1024  1024    4 |  0.000e+00        True |     18.94    129.84     30.61   4.24x
bfloat16 256  1024  1024    8 |                                                                  fallback
bfloat16 256  1024  1024    4 |  0.000e+00        True |     22.72    133.53     38.40   3.48x
bfloat16   9  1024  4096    8 |  4.507e-05        True |     16.70    105.18     42.59   2.47x
bfloat16   9  1024  4096    4 |  7.155e-05        True |     13.61    237.50     31.22   7.61x
bfloat16  16  1024  4096    8 |  6.441e-05        True |     13.61    105.25     42.73   2.46x
bfloat16  16  1024  4096    4 |  5.912e-05        True |     13.99    236.82     31.05   7.63x
bfloat16  32  1024  4096    8 |  5.975e-05        True |     13.69    104.32     43.60   2.39x
bfloat16  32  1024  4096    4 |  2.975e-05        True |     13.71    236.18     32.00   7.38x
bfloat16  64  1024  4096    8 |  5.163e-05        True |     20.61    111.02     46.57   2.38x
bfloat16  64  1024  4096    4 |  4.748e-05        True |     20.29    241.98     35.37   6.84x
bfloat16 128  1024  4096    8 |  4.922e-05        True |     23.46    115.38     82.86   1.39x
bfloat16 128  1024  4096    4 |  3.177e-05        True |     24.52    245.56     58.53   4.20x
bfloat16 256  1024  4096    8 |                                                                  fallback
bfloat16 256  1024  4096    4 |  0.000e+00        True |     53.34    275.19    105.00   2.62x
bfloat16   9  4096  1024    8 |                                                                  fallback
bfloat16   9  4096  1024    4 |  0.000e+00        True |     31.28    253.05     68.06   3.72x
bfloat16  16  4096  1024    8 |                                                                  fallback
bfloat16  16  4096  1024    4 |  0.000e+00        True |     30.47    253.90     68.83   3.69x
bfloat16  32  4096  1024    8 |                                                                  fallback
bfloat16  32  4096  1024    4 |  0.000e+00        True |     30.55    253.27     70.36   3.60x
bfloat16  64  4096  1024    8 |                                                                  fallback
bfloat16  64  4096  1024    4 |  0.000e+00        True |     34.08    255.75     76.93   3.32x
bfloat16 128  4096  1024    8 |                                                                  fallback
bfloat16 128  4096  1024    4 |  0.000e+00        True |     39.43    262.23     87.12   3.01x
bfloat16 256  4096  1024    8 |                                                                  fallback
bfloat16 256  4096  1024    4 |  0.000e+00        True |     76.59    297.54    114.32   2.60x
bfloat16   9  2560  2560    8 |  4.939e-05        True |     25.78    156.19     81.58   1.91x
bfloat16   9  2560  2560    4 |  5.881e-05        True |     23.47    327.75     53.65   6.11x
bfloat16  16  2560  2560    8 |  6.799e-05        True |     22.78    156.22     81.15   1.93x
bfloat16  16  2560  2560    4 |  1.042e-04        True |     22.48    327.62     54.98   5.96x
bfloat16  32  2560  2560    8 |  5.902e-05        True |     21.76    156.00     82.49   1.89x
bfloat16  32  2560  2560    4 |  5.953e-05        True |     21.99    327.61     54.56   6.00x
bfloat16  64  2560  2560    8 |  8.136e-05        True |     29.56    162.22     84.88   1.91x
bfloat16  64  2560  2560    4 |  6.816e-05        True |     29.61    334.20     57.46   5.82x
bfloat16 128  2560  2560    8 |  0.000e+00        True |     35.91    167.90    125.53   1.34x
bfloat16 128  2560  2560    4 |  0.000e+00        True |     35.32    340.25     87.57   3.89x
bfloat16 256  2560  2560    8 |                                                                  fallback
bfloat16 256  2560  2560    4 |  0.000e+00        True |     57.14    362.02    151.21   2.39x
bfloat16   9  2560 10240    8 |  0.000e+00        True |     61.29    597.55    192.33   3.11x
bfloat16   9  2560 10240    4 |  0.000e+00        True |     60.12   1176.61    137.00   8.59x
bfloat16  16  2560 10240    8 |  0.000e+00        True |     60.20    597.29    192.38   3.10x
bfloat16  16  2560 10240    4 |  0.000e+00        True |     60.39   1181.13    137.35   8.60x
bfloat16  32  2560 10240    8 |  0.000e+00        True |     60.47    597.98    194.82   3.07x
bfloat16  32  2560 10240    4 |  0.000e+00        True |     60.70   1180.47    139.64   8.45x
bfloat16  64  2560 10240    8 |  0.000e+00        True |     60.39    594.03    201.47   2.95x
bfloat16  64  2560 10240    4 |  0.000e+00        True |     60.58   1182.92    147.31   8.03x
bfloat16 128  2560 10240    8 |  0.000e+00        True |    118.56    648.57    364.15   1.78x
bfloat16 128  2560 10240    4 |  0.000e+00        True |    119.71   1241.94    274.84   4.52x
bfloat16 256  2560 10240    8 |  0.000e+00        True |    245.41    775.21    686.83   1.13x
bfloat16 256  2560 10240    4 |  0.000e+00        True |    246.64   1362.32    527.05   2.58x
bfloat16   9 10240  2560    8 |  1.495e-04        True |     79.20    615.84    296.74   2.08x
bfloat16   9 10240  2560    4 |  1.659e-04        True |     77.98   1196.83    198.25   6.04x
bfloat16  16 10240  2560    8 |  1.610e-04        True |     77.45    614.10    298.40   2.06x
bfloat16  16 10240  2560    4 |  1.477e-04        True |     78.63   1194.52    198.41   6.02x
bfloat16  32 10240  2560    8 |  1.953e-04        True |     80.04    618.89    302.84   2.04x
bfloat16  32 10240  2560    4 |  1.646e-04        True |     79.85   1205.54    193.47   6.23x
bfloat16  64 10240  2560    8 |  2.007e-04        True |    104.17    626.95    308.87   2.03x
bfloat16  64 10240  2560    4 |  1.623e-04        True |    104.68   1209.65    201.83   5.99x
bfloat16 128 10240  2560    8 |  0.000e+00        True |    128.68    660.12    460.79   1.43x
bfloat16 128 10240  2560    4 |  0.000e+00        True |    129.86   1243.90    311.49   3.99x
bfloat16 256 10240  2560    8 |                                                                  fallback
bfloat16 256 10240  2560    4 |  0.000e+00        True |    241.53   1344.20    557.79   2.41x
wrote bench/results/rocm_gfx1100_quant_prefill_extra.json
ROCm quant gate: PASS
