GPU=AMD Radeon Graphics HIP=7.2.53211-e1a6bc5663 W8 storage=51.56% W4 storage=26.56% of fp16
   dtype   M     K     N bits |  rel error chunk exact |  dense us  fallback  quant us   vs fb
---------------------------------------------------------------------------------------------------------------
bfloat16   1   768   768    8 |  2.297e-03        True |     12.34     40.90      9.02   4.54x
bfloat16   1   768   768    4 |  2.555e-03        True |     14.08    136.02      9.92  13.71x
bfloat16   8   768   768    8 |  2.529e-03        True |     12.24     42.10      9.14   4.60x
bfloat16   8   768   768    4 |  2.370e-03        True |     13.30    132.92      9.05  14.69x
bfloat16   9   768   768    8 |  2.108e-05        True |     12.01     42.36     30.13   1.41x
bfloat16   9   768   768    4 |  6.600e-07        True |     11.11    134.57     32.54   4.14x
bfloat16  16   768   768    8 |  0.000e+00        True |     11.99     39.97     30.32   1.32x
bfloat16  16   768   768    4 |  1.009e-06        True |     11.10    134.27     31.20   4.30x
bfloat16  32   768   768    8 |  5.012e-05        True |     12.28     39.54     29.82   1.33x
bfloat16  32   768   768    4 |  9.212e-05        True |     11.00    131.77     30.03   4.39x
bfloat16  64   768   768    8 |  1.047e-05        True |     12.37     38.63     30.23   1.28x
bfloat16  64   768   768    4 |  3.931e-05        True |     10.76    130.27     30.37   4.29x
bfloat16 128   768   768    8 |  0.000e+00        True |     12.42     38.88     29.85   1.30x
bfloat16 128   768   768    4 |  0.000e+00        True |     11.47    135.08     29.83   4.53x
bfloat16 256   768   768    8 |                                                                  fallback
bfloat16 256   768   768    4 |  0.000e+00        True |     13.92    137.50     29.81   4.61x
bfloat16   1   768  3072    8 |  2.603e-03        True |     16.49     86.62      8.76   9.89x
bfloat16   1   768  3072    4 |  2.428e-03        True |     11.27    168.38      9.32  18.07x
bfloat16   8   768  3072    8 |  2.597e-03        True |     12.45     70.95     23.68   3.00x
bfloat16   8   768  3072    4 |  2.389e-03        True |     11.92    168.89     17.43   9.69x
bfloat16   9   768  3072    8 |  3.315e-06        True |     11.94     70.72     30.09   2.35x
bfloat16   9   768  3072    4 |  3.224e-05        True |     10.84    167.41     29.70   5.64x
bfloat16  16   768  3072    8 |  4.802e-05        True |     11.47     70.83     29.61   2.39x
bfloat16  16   768  3072    4 |  8.097e-06        True |     11.41    166.65     29.41   5.67x
bfloat16  32   768  3072    8 |  3.927e-05        True |     11.84     69.64     29.67   2.35x
bfloat16  32   768  3072    4 |  1.399e-05        True |     10.79    165.98     29.86   5.56x
bfloat16  64   768  3072    8 |  3.531e-05        True |     13.35     72.12     31.11   2.32x
bfloat16  64   768  3072    4 |  3.384e-05        True |     13.17    168.34     30.80   5.47x
bfloat16 128   768  3072    8 |  5.120e-05        True |     15.03     74.24     47.53   1.56x
bfloat16 128   768  3072    4 |  3.447e-05        True |     14.73    170.41     37.10   4.59x
bfloat16 256   768  3072    8 |                                                                  fallback
bfloat16 256   768  3072    4 |  0.000e+00        True |     25.91    181.08     66.70   2.71x
bfloat16   1  3072   768    8 |  2.605e-03        True |     22.43     83.00      9.38   8.85x
bfloat16   1  3072   768    4 |  2.496e-03        True |     20.74    178.39      9.74  18.32x
bfloat16   8  3072   768    8 |  2.523e-03        True |     21.16     82.48     11.61   7.11x
bfloat16   8  3072   768    4 |  2.468e-03        True |     20.74    178.59     11.40  15.66x
bfloat16   9  3072   768    8 |                                                                  fallback
bfloat16   9  3072   768    4 |  0.000e+00        True |     21.62    179.32     52.44   3.42x
bfloat16  16  3072   768    8 |                                                                  fallback
bfloat16  16  3072   768    4 |  0.000e+00        True |     21.12    178.67     52.89   3.38x
bfloat16  32  3072   768    8 |                                                                  fallback
bfloat16  32  3072   768    4 |  0.000e+00        True |     20.75    179.01     54.13   3.31x
bfloat16  64  3072   768    8 |                                                                  fallback
bfloat16  64  3072   768    4 |  0.000e+00        True |     23.52    180.95     56.39   3.21x
bfloat16 128  3072   768    8 |                                                                  fallback
bfloat16 128  3072   768    4 |  0.000e+00        True |     28.85    184.08     57.65   3.19x
bfloat16 256  3072   768    8 |                                                                  fallback
bfloat16 256  3072   768    4 |  0.000e+00        True |     37.98    195.38     68.19   2.87x
bfloat16   1  2048  2048    8 |  2.541e-03        True |     19.35    111.31      7.96  13.98x
bfloat16   1  2048  2048    4 |  2.562e-03        True |     18.06    240.56      8.06  29.85x
bfloat16   8  2048  2048    8 |  2.475e-03        True |     18.38    110.58     16.66   6.64x
bfloat16   8  2048  2048    4 |  2.414e-03        True |     18.30    240.07     16.86  14.24x
bfloat16   9  2048  2048    8 |  3.770e-05        True |     18.30    111.50     62.97   1.77x
bfloat16   9  2048  2048    4 |  3.274e-05        True |     18.37    239.72     44.06   5.44x
bfloat16  16  2048  2048    8 |  9.135e-05        True |     18.42    111.47     63.20   1.76x
bfloat16  16  2048  2048    4 |  6.002e-05        True |     18.86    240.36     44.87   5.36x
bfloat16  32  2048  2048    8 |  1.014e-04        True |     20.00    109.42     64.05   1.71x
bfloat16  32  2048  2048    4 |  7.021e-05        True |     19.22    240.82     42.30   5.69x
bfloat16  64  2048  2048    8 |  6.745e-05        True |     21.80    112.20     66.15   1.70x
bfloat16  64  2048  2048    4 |  8.888e-05        True |     21.84    243.15     45.61   5.33x
bfloat16 128  2048  2048    8 |  0.000e+00        True |     40.30    129.76     86.75   1.50x
bfloat16 128  2048  2048    4 |  0.000e+00        True |     39.33    260.35     59.59   4.37x
bfloat16 256  2048  2048    8 |                                                                  fallback
bfloat16 256  2048  2048    4 |  0.000e+00        True |     42.56    264.62    110.86   2.39x
bfloat16   1  2048  8192    8 |  2.518e-03        True |     51.35    380.91     18.04  21.11x
bfloat16   1  2048  8192    4 |  2.381e-03        True |     49.72    778.69     18.04  43.15x
bfloat16   8  2048  8192    8 |  2.535e-03        True |     50.44    383.53     47.72   8.04x
bfloat16   8  2048  8192    4 |  2.363e-03        True |     50.98    779.15     48.42  16.09x
bfloat16   9  2048  8192    8 |  0.000e+00        True |     50.54    383.11    141.50   2.71x
bfloat16   9  2048  8192    4 |  0.000e+00        True |     50.97    781.37     99.99   7.81x
bfloat16  16  2048  8192    8 |  0.000e+00        True |     51.62    383.43    141.30   2.71x
bfloat16  16  2048  8192    4 |  0.000e+00        True |     51.51    779.83     99.50   7.84x
bfloat16  32  2048  8192    8 |  0.000e+00        True |     51.75    382.33    143.12   2.67x
bfloat16  32  2048  8192    4 |  0.000e+00        True |     51.37    780.95    100.50   7.77x
bfloat16  64  2048  8192    8 |  0.000e+00        True |     50.46    377.62    149.06   2.53x
bfloat16  64  2048  8192    4 |  0.000e+00        True |     50.43    777.51    106.24   7.32x
bfloat16 128  2048  8192    8 |  0.000e+00        True |    115.01    441.55    242.61   1.82x
bfloat16 128  2048  8192    4 |  0.000e+00        True |    115.96    834.18    182.39   4.57x
bfloat16 256  2048  8192    8 |  0.000e+00        True |    184.20    516.70    451.23   1.15x
bfloat16 256  2048  8192    4 |  0.000e+00        True |    187.82    893.41    345.32   2.59x
bfloat16   1  8192  2048    8 |  2.449e-03        True |     64.00    390.78     16.81  23.25x
bfloat16   1  8192  2048    4 |  2.325e-03        True |     64.13    802.12     16.74  47.93x
bfloat16   8  8192  2048    8 |  2.549e-03        True |     63.73    390.74     39.04  10.01x
bfloat16   8  8192  2048    4 |  2.312e-03        True |     63.48    808.51     39.31  20.57x
bfloat16   9  8192  2048    8 |  0.000e+00        True |     63.37    390.81    238.56   1.64x
bfloat16   9  8192  2048    4 |  0.000e+00        True |     63.60    809.29    162.38   4.98x
bfloat16  16  8192  2048    8 |  0.000e+00        True |     63.61    391.21    239.30   1.63x
bfloat16  16  8192  2048    4 |  0.000e+00        True |     63.52    808.97    163.70   4.94x
bfloat16  32  8192  2048    8 |  0.000e+00        True |     64.14    389.85    243.53   1.60x
bfloat16  32  8192  2048    4 |  0.000e+00        True |     64.44    814.18    160.55   5.07x
bfloat16  64  8192  2048    8 |  0.000e+00        True |     76.98    403.47    249.91   1.61x
bfloat16  64  8192  2048    4 |  0.000e+00        True |     76.61    807.74    159.34   5.07x
bfloat16 128  8192  2048    8 |  0.000e+00        True |    134.02    459.25    306.11   1.50x
bfloat16 128  8192  2048    4 |  0.000e+00        True |    133.79    859.42    210.19   4.09x
bfloat16 256  8192  2048    8 |                                                                  fallback
bfloat16 256  8192  2048    4 |  0.000e+00        True |    159.08    869.95    389.22   2.24x
bfloat16   1  4096  4096    8 |  2.447e-03        True |     43.67    372.01     16.75  22.21x
bfloat16   1  4096  4096    4 |  2.265e-03        True |     42.90    779.87     17.03  45.80x
bfloat16   8  4096  4096    8 |  2.541e-03        True |     42.86    372.60     41.09   9.07x
bfloat16   8  4096  4096    4 |  2.412e-03        True |     43.43    780.37     41.42  18.84x
bfloat16   9  4096  4096    8 |  0.000e+00        True |     43.35    373.08    153.65   2.43x
bfloat16   9  4096  4096    4 |  0.000e+00        True |     43.55    780.21    105.92   7.37x
bfloat16  16  4096  4096    8 |  0.000e+00        True |     43.61    373.17    153.54   2.43x
bfloat16  16  4096  4096    4 |  0.000e+00        True |     43.56    781.85    105.78   7.39x
bfloat16  32  4096  4096    8 |  0.000e+00        True |     43.44    370.80    156.19   2.37x
bfloat16  32  4096  4096    4 |  0.000e+00        True |     42.82    781.47    108.41   7.21x
bfloat16  64  4096  4096    8 |  0.000e+00        True |     74.58    401.91    162.23   2.48x
bfloat16  64  4096  4096    4 |  0.000e+00        True |     73.84    819.76    111.99   7.32x
bfloat16 128  4096  4096    8 |  0.000e+00        True |     86.04    411.66    281.39   1.46x
bfloat16 128  4096  4096    4 |  0.000e+00        True |     86.99    835.30    201.29   4.15x
bfloat16 256  4096  4096    8 |  0.000e+00        True |    187.18    515.34    474.42   1.09x
bfloat16 256  4096  4096    4 |  0.000e+00        True |    192.30    909.28    346.29   2.63x
bfloat16   1  4096 16384    8 |  2.587e-03        True |    284.18   1743.38     45.43  38.37x
bfloat16   1  4096 16384    4 |  2.362e-03        True |    265.82   4749.47     50.67  93.74x
bfloat16   8  4096 16384    8 |  2.541e-03        True |    283.64   1770.67    145.26  12.19x
bfloat16   8  4096 16384    4 |  2.382e-03        True |    289.68   4762.97    148.22  32.14x
bfloat16   9  4096 16384    8 |  0.000e+00        True |    278.99   1761.22    444.98   3.96x
bfloat16   9  4096 16384    4 |  0.000e+00        True |    275.09   4757.64    319.91  14.87x
bfloat16  16  4096 16384    8 |  0.000e+00        True |    295.58   1781.62    445.73   4.00x
bfloat16  16  4096 16384    4 |  0.000e+00        True |    306.50   4774.28    320.13  14.91x
bfloat16  32  4096 16384    8 |  0.000e+00        True |    299.26   1768.53    450.35   3.93x
bfloat16  32  4096 16384    4 |  0.000e+00        True |    304.15   4766.10    323.66  14.73x
bfloat16  64  4096 16384    8 |  0.000e+00        True |    282.02   1768.71    462.49   3.82x
bfloat16  64  4096 16384    4 |  0.000e+00        True |    272.28   4752.59    341.12  13.93x
bfloat16 128  4096 16384    8 |  0.000e+00        True |    352.19   1807.74    878.24   2.06x
bfloat16 128  4096 16384    4 |  0.000e+00        True |    352.58   4791.79    657.56   7.29x
bfloat16 256  4096 16384    8 |  0.000e+00        True |   1133.75   2675.34   1718.05   1.56x
bfloat16 256  4096 16384    4 |  0.000e+00        True |   1125.52   5680.40   1285.81   4.42x
bfloat16   1 16384  4096    8 |  2.488e-03        True |    218.00   1624.62     43.36  37.46x
bfloat16   1 16384  4096    4 |  2.296e-03        True |    215.78   4613.25     47.50  97.12x
bfloat16   8 16384  4096    8 |  2.568e-03        True |    217.89   1624.24    127.40  12.75x
bfloat16   8 16384  4096    4 |  2.386e-03        True |    217.40   4856.91    129.14  37.61x
bfloat16   9 16384  4096    8 |  2.851e-04        True |    218.32   1623.59    586.31   2.77x
bfloat16   9 16384  4096    4 |  1.847e-04        True |    219.41   4622.02    386.70  11.95x
bfloat16  16 16384  4096    8 |  2.220e-04        True |    218.62   1626.02    587.81   2.77x
bfloat16  16 16384  4096    4 |  2.000e-04        True |    219.89   4621.83    387.23  11.94x
bfloat16  32 16384  4096    8 |  2.233e-04        True |    223.23   1623.07    595.88   2.72x
bfloat16  32 16384  4096    4 |  1.817e-04        True |    223.71   4618.96    393.75  11.73x
bfloat16  64 16384  4096    8 |  2.256e-04        True |    249.46   1638.33    607.56   2.70x
bfloat16  64 16384  4096    4 |  1.851e-04        True |    249.74   4636.05    406.04  11.42x
bfloat16 128 16384  4096    8 |  0.000e+00        True |    306.53   1692.10   1085.20   1.56x
bfloat16 128 16384  4096    4 |  0.000e+00        True |    309.78   4689.15    760.76   6.16x
bfloat16 256 16384  4096    8 |  0.000e+00        True |    833.32   2219.63   1829.03   1.21x
bfloat16 256 16384  4096    4 |  0.000e+00        True |    863.42   5217.95   1327.32   3.93x
wrote bench/results/rocm_gfx1100_quant_prefill.json
ROCm quant gate: PASS
