Failed to load generation config for /ws/models/rwkv7-1.5b-fla: /ws/models/rwkv7-1.5b-fla does not appear to have a file named generation_config.json. Checkout 'https://huggingface.co//ws/models/rwkv7-1.5b-fla/tree/main' for available files.. Proceeding without generation config.
<frozen importlib._bootstrap_external>:1297: FutureWarning: The cuda.cudart module is deprecated and will be removed in a future release, please switch to use the cuda.bindings.runtime module instead.
<frozen importlib._bootstrap_external>:1297: FutureWarning: The cuda.nvrtc module is deprecated and will be removed in a future release, please switch to use the cuda.bindings.nvrtc module instead.
[rwkv7] M6 fused fp16 GEMV projection path armed (fp16 bsz1 decode only; inactive for other dtypes)
Multi-thread loading shards:   0% Completed | 0/1 [00:00<?, ?it/s]Multi-thread loading shards: 100% Completed | 1/1 [00:01<00:00,  1.25s/it]Multi-thread loading shards: 100% Completed | 1/1 [00:01<00:00,  1.25s/it]
  0%|          | 0/7 [00:00<?, ?it/s]Capturing batches (bs=24 avail_mem=16.59 GB):   0%|          | 0/7 [00:00<?, ?it/s][rwkv7_pdl] PDL chain ARMED (stage 'glue')
[rwkv7] R2 fused paged shift+lerp6 glue ENABLED (decode, fp16)
[rwkv7] W1' fused batched LoRA-gate activations ENABLED (fp16)
[rwkv7_pdl] triton glue joined the PDL chain (kk_kmix + lora_gates)
[rwkv7_wkv] hand-CUDA WKV decode ACTIVE (state=float16, H=32)
[rwkv7] W1' fused GroupNorm+gate-corr ENABLED (fp16)
[rwkv7] W1' fused residual-add+LayerNorm ENABLED (fp16)
[rwkv7] R2 fused paged shift+lerp1 (ffn) glue ENABLED (decode, fp16)
[rwkv7] W1' fused ffn relu^2 ENABLED (fp16 dense path)
Capturing batches (bs=24 avail_mem=16.59 GB):  14%|█▍        | 1/7 [00:24<02:27, 24.51s/it]Capturing batches (bs=16 avail_mem=16.54 GB):  14%|█▍        | 1/7 [00:24<02:27, 24.51s/it]Capturing batches (bs=16 avail_mem=16.54 GB):  29%|██▊       | 2/7 [00:24<00:50, 10.16s/it]Capturing batches (bs=12 avail_mem=16.54 GB):  29%|██▊       | 2/7 [00:24<00:50, 10.16s/it]Capturing batches (bs=8 avail_mem=16.53 GB):  29%|██▊       | 2/7 [00:24<00:50, 10.16s/it] Capturing batches (bs=4 avail_mem=16.53 GB):  29%|██▊       | 2/7 [00:24<00:50, 10.16s/it][rwkv7] M9 fused LoRA path ENABLED (fp16 decode, M1+batched)
Capturing batches (bs=2 avail_mem=16.43 GB):  29%|██▊       | 2/7 [00:24<00:50, 10.16s/it]Capturing batches (bs=2 avail_mem=16.43 GB):  86%|████████▌ | 6/7 [00:24<00:02,  2.35s/it]Capturing batches (bs=1 avail_mem=16.43 GB):  86%|████████▌ | 6/7 [00:24<00:02,  2.35s/it][rwkv7] #50 Stage-A grouped r/k/v GEMV ENABLED (fp16 bsz1 decode; PDL chain armed iff RWKV_PDL=1 on sm90+, see [rwkv7_pdl] banner)
[rwkv7] F0066c fused LoRA gate epilogue ENABLED (stage2-folded; byte-exact vs lora4_m1+gates)
[rwkv7] M6 sparse channel-mix value-proj ENABLED (bsz1 decode, fp16)
Capturing batches (bs=1 avail_mem=16.43 GB): 100%|██████████| 7/7 [00:36<00:00,  5.25s/it]
==================================================================================
SERVING-SCALE  model=rwkv7-1.5b-fla  dtype=float16  mode=batch  cuda_graph=ON  radix=OFF
  decode=64tok steady-state (prefill-subtracted)  mem_fraction=0.85  baseline=2 MiB
----------------------------------------------------------------------------------
 context |  bsz |  decode tok/s |   ms/step |    TTFT ms | peak VRAM MiB
----------------------------------------------------------------------------------
    1024 |    1 |         535.2 |      1.87 |       36.6 |         16208
==================================================================================
